// Jest Snapshot v1, https://goo.gl/fbAQLP

exports[`SimpleButton tests should render correctly 1`] = `
<div>
  <button
    class="simpleButton"
  >
    test
  </button>
</div>
`;
